✔ catalogue does not send stems, options or answer keys (3.204817ms)
✔ concurrent ready/reveal reserve exactly once and hide opponent data (24.605613ms)
✔ different network receipt times do not decide the winning honest screen duration (13.596974ms)
✔ later packet with faster plausible local duration wins (7.619103ms)
✔ 150ms boundary is a draw; 151ms is a win (14.655404ms)
✔ same attempt retry settles once; changed payload or second attempt is rejected (9.200285ms)
✔ invalid credentials, wrong invitation and a third player cannot take a seat (6.663841ms)
✔ concurrent join race has only one guest, and every loser gets its entry straight back (26.34599ms)
✔ missing answer closes after persisted deadline; later polling cannot pay again (8.373468ms)
✔ both wrong or both absent draw and refund (12.095701ms)
✔ unopened question cancels; early reveal and stale rounds are rejected (6.16601ms)
✔ leave racing second answer has one final settlement and conserves coins (145.978737ms)
✔ trilogy keeps the original pot and prevents replaying readiness from an old round (11.944056ms)
✔ room expiration refunds unsettled entries (7.606935ms)
✔ names must remain nonempty after normalization (6.380432ms)
✔ clock mode obtains timestamp from the primary store rather than the edge clock (6.993157ms)
✔ input constraints block missing token, impossible choice, negative times and late receipt (6.758941ms)
✔ room admission is bounded at thirty requests per actor per minute (7.482501ms)
✔ successful atomic answer write stamps receipt and plausibility from the database clock (5.530675ms)
✔ atomic SQL write refuses a receipt at or beyond the acceptance deadline (5.741717ms)
✔ timeout racing a stalled proposed write cannot create a backdated accepted answer (8.395771ms)
✔ committed answer is visible before finalization and cannot be erased by timeout (5.316279ms)
✔ atomic reveal uses database write time and refuses stale release windows (6.976032ms)
✔ the timer is 5, 7 or 10 seconds and every format opens on one of them (0.497706ms)
✔ the bot still answers inside the shortest timer (0.203281ms)
✔ mode validation rejects coercible arrays and objects (0.270249ms)
✔ Gauntlet plays all five rounds including decisive leads and draws; entry settles once (32.988585ms)
✔ stable fact identity is disclosed only after settlement and matches the source card (15.302511ms)
✔ open untimed practice returns three distinct sourced cards without touching a room or coins (0.780524ms)
✔ five-round recap persists closed snapshots once without exposing active answers or credentials (21.49216ms)
✔ every HISAAB bot format resolves on answer response, preserving all precommitted bot plans (39.541122ms)
✔ an early wrong human answer still loses to a slower precommitted correct bot (3.106081ms)
✔ first human answer gets private feedback, unopened opponent receives no answer or source (4.74241ms)
✔ retry after immediate finalization is idempotent and replacement content is rejected (2.68573ms)
✔ guest-first feedback is equally private: the host sees no guest pick, correctness or source (2.675645ms)
✔ concurrent human submissions settle once through revision conflicts (363.314997ms)
✔ pending human retains their deadline, then a missing answer times out once (5.423467ms)
✔ invalid timing never reveals private correctness or rewards a bot win (3.540744ms)
✔ leave after private feedback cancels the match without committing a provisional result (2.201074ms)
✔ a leave racing post-commit finalization wins its revision without being overwritten (2.104311ms)
✔ D1 also seals the attempt before same-response finalization and returns one settled result (5.870048ms)
✔ immediate result uses the sealed receipt timing verdict, never the optimistic pre-write answer (1.551834ms)
✔ server stopwatch has exact 8 s and 15 s reward boundaries (0.949563ms)
✔ correctness outranks speed and the 120 ms draw boundary is inclusive (0.197993ms)
✔ identity, correctness, timing, XP and score assertions are not forwarded from a client (0.917046ms)
✔ malformed or out-of-range answer actions fail before database dispatch (1.128578ms)
✔ guest credentials use 256 random bits and only valid credentials are hashed (7.219782ms)
✔ nicknames support Hindi, normalize whitespace and remove invisible control characters (0.666145ms)
✔ invite validation normalizes accepted codes without accepting arbitrary lookup strings (0.292343ms)
✔ room codes: 8 unambiguous characters, normalised from typed input, keys derived identically (183.355283ms)
✔ the shared seed deals the same deck on both browsers, out of the edition bank (102.184403ms)
✔ host and guest pair, and the guest takes seat 1 of a free friend room (114.373922ms)
✔ the verdicts are the engine rules: correctness first, then speed, 150 ms is a draw (149.446267ms)
✔ the engine’s timing check still applies: a forged-short time outside the grace cancels the match (99.034868ms)
✔ wire projections keep first-answer feedback private in both seating orders and immediately publish the second (195.971823ms)
✔ protocol 3 refuses version 2 clients that cannot present private answer feedback (2.807761ms)
✔ the guest checks the deal: a question that is not the seeded card fails verify() (86.663034ms)
✔ only guest actions cross the wire, and only the seated guest may act (92.231269ms)
✔ the handshake refuses a mismatched build, and a guest with no host times out honestly (64.009481ms)
✔ a guest who disconnects mid-match settles the room as a leave, and the host hears it (109.482481ms)
✔ end to end in real time: two duel controllers play a Quick Draw over the transport (3435.681484ms)
✔ the BroadcastChannel transport pairs two tabs of one code and reports a leave (1.454229ms)
✔ the WebRTC rendezvous never carries the short code: topic, password and room keys come from the stretched secret (85.09399ms)
✔ rematch rooms come from the first room’s secret, agree on both sides and pair without a second stretch (101.436622ms)
✔ the bank fingerprint covers content: the same ids with an edited question or answer key refuse to pair (26.99112ms)
✔ the trust label is on the protocol, where every screen can quote it (0.381974ms)
✔ pass & play: one phone, untimed, engine verdicts with speed taken out (1.126083ms)
ℹ tests 67
ℹ suites 0
ℹ pass 67
ℹ fail 0
ℹ cancelled 0
ℹ skipped 0
ℹ todo 0
ℹ duration_ms 5108.275913
